exports[`InputField renders correctly without error`] = `
Object {
  "$$typeof": Symbol(react.element),
  "_owner": null,
  "_store": Object {},
  "key": null,
  "props": Object {
    "children": Array [
      Object {
        "$$typeof": Symbol(react.element),
        "_owner": null,
        "_store": Object {},
        "key": null,
        "props": Object {
          "onBlur": [Function onBlur],
          "placeholder": ""
        },
        "ref": null,
        "type": [Function Input]
      },
      Object {
        "$$typeof": Symbol(react.element),
        "_owner": null,
        "_store": Object {},
        "key": null,
        "props": Object {
          "children": "",
          "className": "input-field__error"
        },
        "ref": null,
        "type": "div"
      }
    ],
    "className": "input-field"
  },
  "ref": null,
  "type": "div"
}
`;
